// Vitest Snapshot v1, https://vitest.dev/guide/snapshot.html

exports[`route-level visual regression snapshots > matches dashboard visual shell snapshot 1`] = `
{
  "ctas": [
    "View PR cards",
    "Public profile",
    "Open quests",
  ],
  "hasQuestLane": true,
  "hasReportLane": true,
  "heading": "Dashboard",
  "heroMetricLabels": [
    "Level",
    "Total XP",
    "To next level",
  ],
  "heroTitle": "Live Fixture Maintainer",
  "metaChips": [
    "Rank Gold III",
    "Merged PRs 12",
    "Streak 0d",
    "Sync Synced",
  ],
  "rootClassName": "stable-scroll-scope space-y-6",
  "route": "dashboard",
  "sectionCount": 5,
}
`;

exports[`route-level visual regression snapshots > matches leaderboard visual shell snapshot 1`] = `
{
  "ctas": [
    "Quests",
  ],
  "hasLeaderboardArena": true,
  "heading": "Leaderboard",
  "laneMeta": [
    "Lane Global",
    "Rows 1",
    "Showing 1",
    "Sync Synced",
  ],
  "laneTabs": [
    "Global",
    "Backend",
    "Tests",
    "Testing",
    "Docs",
    "Documentation",
    "Weekly",
    "Weekly XP",
    "Rising",
  ],
  "rootClassName": "stable-scroll-scope space-y-6",
  "route": "leaderboard",
  "sectionCount": 2,
}
`;

exports[`route-level visual regression snapshots > matches public profile visual shell snapshot 1`] = `
{
  "hasTimeline": true,
  "heading": "Live Fixture Maintainer",
  "repoLabels": [
    "octo/gitrank",
  ],
  "rootClassName": "stable-scroll-scope space-y-6",
  "route": "public-profile",
  "sectionCount": 4,
  "statCards": [
    "GitRank score",
    "Merged PRs",
    "Badges earned",
    "Consistency",
    "Last 30 days",
  ],
  "topSkillChips": [
    "Backend",
    "Testing",
  ],
}
`;
